<html>
<body>
<pre>
<h1>µVision Build Log</h1>
<h2>Project:</h2>
C:\Nuvoton\BSP Library\NUC100SeriesBSP_CMSIS_v1.05.003\NuvotonPlatform_Keil\Sample\NUC1xx-LB_002\KILLED-BY-GKC4A\project0904.uvproj
Project File Date:  03/24/2024

<h2>Output:</h2>
Build target 'Target 1'
assembling startup_NUC1xx.s...
compiling core_cm0.c...
compiling system_NUC1xx.c...
compiling mainsource0728ver2.c...
AD9850FUNC0903.c(149): warning:  #1-D: last line of file ends without a newline
UIFUNC0728.c(638): warning:  #1-D: last line of file ends without a newline
compiling Ascii_Table.C...
compiling DrvADC.c...
compiling DrvGPIO.c...
compiling DrvSPI.c...
compiling DrvSYS.c...
compiling DrvTIMER.c...
linking...
project0904.axf: Warning: L6340W: options first and last are ignored for link type of scattered
Program Size: Code=15476 RO-data=260 RW-data=2160 ZI-data=2192  
"project0904.axf" - 0 Error(s), 3 Warning(s).
