<html>
<body>
<pre>
<h1>µVision Build Log</h1>
<h2>Project:</h2>
C:\Nuvoton\BSP Library\NUC100SeriesBSP_CMSIS_v1.05.003\NuvotonPlatform_Keil\Sample\NUC1xx-LB_002\KILLED-BY-GKC4A\project0904.uvproj
Project File Date:  04/02/2024

<h2>Output:</h2>
Build target 'Target 1'
compiling mainsource0728ver2.c...
linking...
project0904.axf: Warning: L6340W: options first and last are ignored for link type of scattered
Program Size: Code=24876 RO-data=408 RW-data=2396 ZI-data=2476  
"project0904.axf" - 0 Error(s), 1 Warning(s).
Load "C:\\Nuvoton\\BSP Library\\NUC100SeriesBSP_CMSIS_v1.05.003\\NuvotonPlatform_Keil\\Sample\\NUC1xx-LB_002\\KILLED-BY-GKC4A\\project0904.AXF" 
Build target 'Target 1'
compiling mainsource0728ver2.c...
linking...
project0904.axf: Warning: L6340W: options first and last are ignored for link type of scattered
Program Size: Code=24756 RO-data=408 RW-data=2396 ZI-data=2476  
"project0904.axf" - 0 Error(s), 1 Warning(s).
Rebuild target 'Target 1'
assembling startup_NUC1xx.s...
compiling core_cm0.c...
compiling system_NUC1xx.c...
compiling mainsource0728ver2.c...
compiling Ascii_Table.C...
compiling DrvADC.c...
compiling DrvGPIO.c...
compiling DrvSPI.c...
compiling DrvSYS.c...
compiling DrvTIMER.c...
linking...
project0904.axf: Warning: L6340W: options first and last are ignored for link type of scattered
Program Size: Code=24756 RO-data=408 RW-data=2396 ZI-data=2476  
"project0904.axf" - 0 Error(s), 1 Warning(s).
Load "C:\\Nuvoton\\BSP Library\\NUC100SeriesBSP_CMSIS_v1.05.003\\NuvotonPlatform_Keil\\Sample\\NUC1xx-LB_002\\KILLED-BY-GKC4A\\project0904.AXF" 
Load "C:\\Nuvoton\\BSP Library\\NUC100SeriesBSP_CMSIS_v1.05.003\\NuvotonPlatform_Keil\\Sample\\NUC1xx-LB_002\\KILLED-BY-GKC4A\\project0904.AXF" 
Build target 'Target 1'
compiling mainsource0728ver2.c...
UIFUNC0728.c(40): error:  #7: unrecognized token
UIFUNC0728.c(40): error:  #65: expected a ";"
UIFUNC0728.c(40): error:  #7: unrecognized token
UIFUNC0728.c(278): error:  #20: identifier "a0_s3" is undefined
Target not created
Load "C:\\Nuvoton\\BSP Library\\NUC100SeriesBSP_CMSIS_v1.05.003\\NuvotonPlatform_Keil\\Sample\\NUC1xx-LB_002\\KILLED-BY-GKC4A\\project0904.AXF" 
_____^
*** error 56: cannot open file
Rebuild target 'Target 1'
assembling startup_NUC1xx.s...
compiling core_cm0.c...
compiling system_NUC1xx.c...
compiling mainsource0728ver2.c...
UIFUNC0728.c(40): error:  #7: unrecognized token
UIFUNC0728.c(40): error:  #65: expected a ";"
UIFUNC0728.c(40): error:  #7: unrecognized token
UIFUNC0728.c(278): error:  #20: identifier "a0_s3" is undefined
compiling Ascii_Table.C...
compiling DrvADC.c...
compiling DrvGPIO.c...
compiling DrvSPI.c...
compiling DrvSYS.c...
compiling DrvTIMER.c...
Target not created
Build target 'Target 1'
compiling mainsource0728ver2.c...
linking...
project0904.axf: Warning: L6340W: options first and last are ignored for link type of scattered
Program Size: Code=24784 RO-data=408 RW-data=2408 ZI-data=2480  
"project0904.axf" - 0 Error(s), 1 Warning(s).
Load "C:\\Nuvoton\\BSP Library\\NUC100SeriesBSP_CMSIS_v1.05.003\\NuvotonPlatform_Keil\\Sample\\NUC1xx-LB_002\\KILLED-BY-GKC4A\\project0904.AXF" 
Build target 'Target 1'
compiling mainsource0728ver2.c...
linking...
project0904.axf: Warning: L6340W: options first and last are ignored for link type of scattered
Program Size: Code=24784 RO-data=408 RW-data=2408 ZI-data=2480  
"project0904.axf" - 0 Error(s), 1 Warning(s).
Load "C:\\Nuvoton\\BSP Library\\NUC100SeriesBSP_CMSIS_v1.05.003\\NuvotonPlatform_Keil\\Sample\\NUC1xx-LB_002\\KILLED-BY-GKC4A\\project0904.AXF" 
Build target 'Target 1'
compiling mainsource0728ver2.c...
linking...
project0904.axf: Warning: L6340W: options first and last are ignored for link type of scattered
Program Size: Code=24784 RO-data=408 RW-data=2408 ZI-data=2480  
"project0904.axf" - 0 Error(s), 1 Warning(s).
Load "C:\\Nuvoton\\BSP Library\\NUC100SeriesBSP_CMSIS_v1.05.003\\NuvotonPlatform_Keil\\Sample\\NUC1xx-LB_002\\KILLED-BY-GKC4A\\project0904.AXF" 
Build target 'Target 1'
compiling mainsource0728ver2.c...
linking...
project0904.axf: Warning: L6340W: options first and last are ignored for link type of scattered
Program Size: Code=24784 RO-data=408 RW-data=2408 ZI-data=2480  
"project0904.axf" - 0 Error(s), 1 Warning(s).
Load "C:\\Nuvoton\\BSP Library\\NUC100SeriesBSP_CMSIS_v1.05.003\\NuvotonPlatform_Keil\\Sample\\NUC1xx-LB_002\\KILLED-BY-GKC4A\\project0904.AXF" 
