<html>
<body>
<pre>
<h1>µVision Build Log</h1>
<h2>Tool Versions:</h2>
IDE-Version: ¦ÌVision V5.22.0.0
Copyright (C) 2016 ARM Ltd and ARM Germany GmbH. All rights reserved.
License Information: jj laq716min126@outlook.com, dd, LIC=IK156-DB0YX-CW32K-ZNXHN-61JVW-ZFP26
 
Tool Versions:
Toolchain:       MDK-ARM Plus  Version: 5.22
Toolchain Path:  C:\Keil_v5\ARM\ARMCC\Bin
C Compiler:      Armcc.exe V5.06 update 4 (build 422)
Assembler:       Armasm.exe V5.06 update 4 (build 422)
Linker/Locator:  ArmLink.exe V5.06 update 4 (build 422)
Library Manager: ArmAr.exe V5.06 update 4 (build 422)
Hex Converter:   FromElf.exe V5.06 update 4 (build 422)
CPU DLL:         SARMCM3.DLL V5.22
Dialog DLL:      DARMCM1.DLL V1.15.0.0
Target DLL:      NULink\Nu_Link.dll V2.00
Dialog DLL:      TARMCM1.DLL V1.11.0.0
 
<h2>Project:</h2>
C:\Users\laq71\workspace\keil\NUC100SeriesBSP_v1.05.003\NUC100SeriesBSP\NuvotonPlatform_Keil\Sample\NUC1xx-LB_002\project20180321LBTEST+DEMOABS\project0904.uvproj
Project File Date:  11/03/2020

<h2>Output:</h2>
*** Using Compiler 'V5.06 update 4 (build 422)', folder: 'C:\Keil_v5\ARM\ARMCC\Bin'
Build target 'Target 1'
assembling startup_NUC1xx.s...
compiling Ascii_Table.C...
compiling system_NUC1xx.c...
compiling core_cm0.c...
compiling DrvADC.c...
compiling DrvSPI.c...
compiling DrvSYS.c...
compiling DrvGPIO.c...
compiling mainsource0728ver2.c...
compiling DrvTIMER.c...
linking...
.\project0904.axf: Warning: L6340W: options first and last are ignored for link type of scattered
Program Size: Code=14652 RO-data=260 RW-data=2144 ZI-data=2192  
Finished: 0 information, 1 warning and 0 error messages.
".\project0904.axf" - 0 Error(s), 1 Warning(s).
Build Time Elapsed:  00:00:01
</pre>
</body>
</html>
