<html>
<body>
<pre>
<h1>礦ision Build Log</h1>
<h2>Tool Versions:</h2>
IDE-Version: μVision V5.22.0.0
Copyright (C) 2016 ARM Ltd and ARM Germany GmbH. All rights reserved.
License Information: KKNN 22, 22, LIC=----
 
Tool Versions:
Toolchain:       MDK-Lite  Version: 5.22
Toolchain Path:  E:\Keil5\Keil_v5\ARM\ARMCC\Bin
C Compiler:      Armcc.exe V5.06 update 4 (build 422)
Assembler:       Armasm.exe V5.06 update 4 (build 422)
Linker/Locator:  ArmLink.exe V5.06 update 4 (build 422)
Library Manager: ArmAr.exe V5.06 update 4 (build 422)
Hex Converter:   FromElf.exe V5.06 update 4 (build 422)
CPU DLL:         SARMCM3.DLL V5.22
Dialog DLL:      DCM.DLL V1.13.9.0
Target DLL:      lmidk-agdi.dll V???
Dialog DLL:      TCM.DLL V1.21.0.0
 
<h2>Project:</h2>
C:\Users\Lenovo\Desktop\发射机\exp.uvprojx
Project File Date:  03/19/2024

<h2>Output:</h2>
*** Using Compiler 'V5.06 update 4 (build 422)', folder: 'E:\Keil5\Keil_v5\ARM\ARMCC\Bin'
Build target 'Target 1'
compiling exp.c...
exp.c(159): warning:  #1134-D: literal treated as "long long"
  x=4294967295/125; //适合 125M晶振 
exp.c: 1 warning, 0 errors
linking...
Program Size: Code=5836 RO-data=1140 RW-data=88 ZI-data=608  
".\Objects\exp.axf" - 0 Error(s), 1 Warning(s).

<h2>Software Packages used:</h2>

Package Vendor: Keil
                http://www.keil.com/pack/Keil.TM4C_DFP.1.1.0.pack
                Keil::Device:Startup:1.0.0
                Texas Instruments Tiva C Series Device Support and Examples
   * Component: Startup Version: 1.0.0

<h2>Collection of Component include folders:</h2>
  C:\Users\Lenovo\Desktop\发射机\RTE\_Target_1
  E:\Keil5\Keil\TM4C_DFP\1.1.0\Device\Include\TM4C129

<h2>Collection of Component Files used:</h2>

   * Component: Keil::Device:Startup:1.0.0
      Source file:   Device\Source\ARM\startup_TM4C129.s
      Include file:  Device\Include\TM4C129\TM4C129.h
      Source file:   Device\Source\system_TM4C129.c
Build Time Elapsed:  00:00:00
</pre>
</body>
</html>
