******************************************************************************
                  MSP430 Linker PC v21.6.1                     
******************************************************************************
>> Linked Thu May  2 13:01:43 2024

OUTPUT FILE NAME:   <demo1.out>
ENTRY POINT SYMBOL: "_c_int00_noargs"  address: 0000ce66


MEMORY CONFIGURATION

         name            origin    length      used     unused   attr    fill
----------------------  --------  ---------  --------  --------  ----  --------
  SFR                   00000000   00000010  00000000  00000010  RWIX
  PERIPHERALS_8BIT      00000010   000000f0  00000000  000000f0  RWIX
  PERIPHERALS_16BIT     00000100   00000100  00000000  00000100  RWIX
  RAM                   00000200   00000200  000000d0  00000130  RWIX
  INFOD                 00001000   00000040  00000000  00000040  RWIX
  INFOC                 00001040   00000040  00000000  00000040  RWIX
  INFOB                 00001080   00000040  00000000  00000040  RWIX
  INFOA                 000010c0   00000040  00000000  00000040  RWIX
  FLASH                 0000c000   00003fde  00000f64  0000307a  RWIX
  BSLSIGNATURE          0000ffde   00000002  00000002  00000000  RWIX  ffff 
  INT00                 0000ffe0   00000002  00000002  00000000  RWIX
  INT01                 0000ffe2   00000002  00000000  00000002  RWIX
  INT02                 0000ffe4   00000002  00000002  00000000  RWIX
  INT03                 0000ffe6   00000002  00000002  00000000  RWIX
  INT04                 0000ffe8   00000002  00000000  00000002  RWIX
  INT05                 0000ffea   00000002  00000002  00000000  RWIX
  INT06                 0000ffec   00000002  00000002  00000000  RWIX
  INT07                 0000ffee   00000002  00000002  00000000  RWIX
  INT08                 0000fff0   00000002  00000002  00000000  RWIX
  INT09                 0000fff2   00000002  00000002  00000000  RWIX
  INT10                 0000fff4   00000002  00000002  00000000  RWIX
  INT11                 0000fff6   00000002  00000002  00000000  RWIX
  INT12                 0000fff8   00000002  00000002  00000000  RWIX
  INT13                 0000fffa   00000002  00000002  00000000  RWIX
  INT14                 0000fffc   00000002  00000002  00000000  RWIX
  RESET                 0000fffe   00000002  00000002  00000000  RWIX


SECTION ALLOCATION MAP

 output                                  attributes/
section   page    origin      length       input sections
--------  ----  ----------  ----------   ----------------
.data      0    00000200    0000007e     UNINITIALIZED
                  00000200    00000064     AGC.obj (.data:adc)
                  00000264    0000001a     AGC.obj (.data)

.bss       0    0000027e    00000002     UNINITIALIZED
                  0000027e    00000002     (.common:temp_voltage)

.stack     0    000003b0    00000050     UNINITIALIZED
                  000003b0    00000002     rts430_eabi.lib : boot.c.obj (.stack)
                  000003b2    0000004e     --HOLE--

.text      0    0000c000    00000f3a     
                  0000c000    00000736     rts430_eabi.lib : addd.c.obj (.text:__mspabi_addd)
                  0000c736    0000017c     AGC.obj (.text:main)
                  0000c8b2    000000dc     rts430_eabi.lib : cmpd.c.obj (.text:__mspabi_cmpd)
                  0000c98e    0000008a                     : fltuld.c.obj (.text:__mspabi_fltuld)
                  0000ca18    0000007c                     : copy_decompress_lzss.c.obj (.text:decompress:lzss:__TI_decompress_lzss)
                  0000ca94    00000074                     : fixdul.c.obj (.text:__mspabi_fixdul)
                  0000cb08    0000005c                     : lsr32.asm.obj (.text:l_lsr_const)
                  0000cb64    00000056     AGC.obj (.text:Timer0_A0)
                  0000cbba    0000004c     rts430_eabi.lib : lsr16.asm.obj (.text)
                  0000cc06    0000004a     AGC.obj (.text:Init_Devices)
                  0000cc50    0000004a     rts430_eabi.lib : asr64.c.obj (.text:__mspabi_srall)
                  0000cc9a    00000044                     : lsl64.c.obj (.text:__mspabi_sllll)
                  0000ccde    00000042                     : autoinit.c.obj (.text:__TI_auto_init_nobinit_nopinit:__TI_auto_init_nobinit_nopinit)
                  0000cd20    00000040     AGC.obj (.text:DAC8043)
                  0000cd60    0000003e     rts430_eabi.lib : lsl32.asm.obj (.text:l_lsl_const)
                  0000cd9e    0000002e                     : subd.c.obj (.text:__mspabi_subd)
                  0000cdcc    0000002c                     : asr16.asm.obj (.text)
                  0000cdf8    0000002c                     : lsl16.asm.obj (.text)
                  0000ce24    00000026     AGC.obj (.text:average)
                  0000ce4a    0000001c     AGC.obj (.text:Port_Init)
                  0000ce66    0000001c     rts430_eabi.lib : boot.c.obj (.text:_c_int00_noargs)
                  0000ce82    00000016                     : div16u.asm.obj (.text)
                  0000ce98    00000014     AGC.obj (.text:Timer0_Init)
                  0000ceac    00000014     rts430_eabi.lib : copy_zero_init.c.obj (.text:decompress:ZI:__TI_zero_init_nomemset:__TI_zero_init_nomemset)
                  0000cec0    00000012                     : fixdu.c.obj (.text:__mspabi_fixdu)
                  0000ced2    00000012                     : copy_decompress_none.c.obj (.text:decompress:none:__TI_decompress_none)
                  0000cee4    00000012                     : lsr32.asm.obj (.text:l_lsr)
                  0000cef6    00000012                     : memcpy.c.obj (.text:memcpy)
                  0000cf08    00000010                     : epilog.asm.obj (.text)
                  0000cf18    00000008     AGC.obj (.text:ADC10_ISR)
                  0000cf20    00000008     rts430_eabi.lib : isr_trap.asm.obj (.text:_isr:__TI_ISR_TRAP)
                  0000cf28    00000006                     : fltud.c.obj (.text:__mspabi_fltud)
                  0000cf2e    00000006                     : exit.c.obj (.text:abort)
                  0000cf34    00000004                     : pre_init.c.obj (.text:_system_pre_init)
                  0000cf38    00000002                     : startup.c.obj (.text:_system_post_cinit)

.cinit     0    0000cf3a    0000002a     
                  0000cf3a    00000017     (.cinit..data.load) [load image, compression = lzss]
                  0000cf51    00000001     --HOLE-- [fill = 0]
                  0000cf52    00000006     (__TI_handler_table)
                  0000cf58    00000004     (.cinit..bss.load) [load image, compression = zero_init]
                  0000cf5c    00000008     (__TI_cinit_table)

.binit     0    0000c000    00000000     

.init_array 
*          0    0000c000    00000000     UNINITIALIZED

TRAPINT    0    0000ffe0    00000002     
                  0000ffe0    00000002     rts430_eabi.lib : int00.asm.obj (.int00)

PORT1      0    0000ffe4    00000002     
                  0000ffe4    00000002     rts430_eabi.lib : int02.asm.obj (.int02)

PORT2      0    0000ffe6    00000002     
                  0000ffe6    00000002     rts430_eabi.lib : int03.asm.obj (.int03)

ADC10      0    0000ffea    00000002     
                  0000ffea    00000002     AGC.obj (.int05)

USCIAB0TX 
*          0    0000ffec    00000002     
                  0000ffec    00000002     rts430_eabi.lib : int06.asm.obj (.int06)

USCIAB0RX 
*          0    0000ffee    00000002     
                  0000ffee    00000002     rts430_eabi.lib : int07.asm.obj (.int07)

TIMER0_A1 
*          0    0000fff0    00000002     
                  0000fff0    00000002     rts430_eabi.lib : int08.asm.obj (.int08)

TIMER0_A0 
*          0    0000fff2    00000002     
                  0000fff2    00000002     AGC.obj (.int09)

WDT        0    0000fff4    00000002     
                  0000fff4    00000002     rts430_eabi.lib : int10.asm.obj (.int10)

COMPARATORA 
*          0    0000fff6    00000002     
                  0000fff6    00000002     rts430_eabi.lib : int11.asm.obj (.int11)

TIMER1_A1 
*          0    0000fff8    00000002     
                  0000fff8    00000002     rts430_eabi.lib : int12.asm.obj (.int12)

TIMER1_A0 
*          0    0000fffa    00000002     
                  0000fffa    00000002     rts430_eabi.lib : int13.asm.obj (.int13)

NMI        0    0000fffc    00000002     
                  0000fffc    00000002     rts430_eabi.lib : int14.asm.obj (.int14)

.reset     0    0000fffe    00000002     
                  0000fffe    00000002     rts430_eabi.lib : boot.c.obj (.reset)

$fill000   0    0000ffde    00000002     
                  0000ffde    00000002     --HOLE-- [fill = ffff]

MODULE SUMMARY

       Module                       code   ro data   rw data
       ------                       ----   -------   -------
    .\
       AGC.obj                      698    4         128    
    +--+----------------------------+------+---------+---------+
       Total:                       698    4         128    
                                                            
    C:\ti\ccs1260\ccs\tools\compiler\ti-cgt-msp430_21.6.1.LTS\lib\rts430_eabi.lib
       addd.c.obj                   1846   0         0      
       cmpd.c.obj                   220    0         0      
       fltuld.c.obj                 138    0         0      
       copy_decompress_lzss.c.obj   124    0         0      
       fixdul.c.obj                 116    0         0      
       lsr32.asm.obj                110    0         0      
       lsr16.asm.obj                76     0         0      
       asr64.c.obj                  74     0         0      
       lsl64.c.obj                  68     0         0      
       autoinit.c.obj               66     0         0      
       lsl32.asm.obj                62     0         0      
       subd.c.obj                   46     0         0      
       asr16.asm.obj                44     0         0      
       lsl16.asm.obj                44     0         0      
       boot.c.obj                   28     2         0      
       div16u.asm.obj               22     0         0      
       copy_zero_init.c.obj         20     0         0      
       copy_decompress_none.c.obj   18     0         0      
       fixdu.c.obj                  18     0         0      
       memcpy.c.obj                 18     0         0      
       epilog.asm.obj               16     0         0      
       isr_trap.asm.obj             8      0         0      
       exit.c.obj                   6      0         0      
       fltud.c.obj                  6      0         0      
       pre_init.c.obj               4      0         0      
       int00.asm.obj                0      2         0      
       int02.asm.obj                0      2         0      
       int03.asm.obj                0      2         0      
       int06.asm.obj                0      2         0      
       int07.asm.obj                0      2         0      
       int08.asm.obj                0      2         0      
       int10.asm.obj                0      2         0      
       int11.asm.obj                0      2         0      
       int12.asm.obj                0      2         0      
       int13.asm.obj                0      2         0      
       int14.asm.obj                0      2         0      
       startup.c.obj                2      0         0      
    +--+----------------------------+------+---------+---------+
       Total:                       3200   24        0      
                                                            
       Stack:                       0      0         80     
       Linker Generated:            0      41        0      
    +--+----------------------------+------+---------+---------+
       Grand Total:                 3898   69        208    


LINKER GENERATED COPY TABLES

__TI_cinit_table @ 0000cf5c records: 2, size/record: 4, table size: 8
	.data: load addr=0000cf3a, load size=00000017 bytes, run addr=00000200, run size=0000007e bytes, compression=lzss
	.bss: load addr=0000cf58, load size=00000004 bytes, run addr=0000027e, run size=00000002 bytes, compression=zero_init


LINKER GENERATED HANDLER TABLE

__TI_handler_table @ 0000cf52 records: 3, size/record: 2, table size: 6
	index: 0, handler: __TI_zero_init
	index: 1, handler: __TI_decompress_lzss
	index: 2, handler: __TI_decompress_none


GLOBAL SYMBOLS: SORTED ALPHABETICALLY BY Name 

address   name                          
-------   ----                          
0000004a  ADC10AE0                      
000001b0  ADC10CTL0                     
000001b2  ADC10CTL1                     
00000048  ADC10DTC0                     
00000049  ADC10DTC1                     
000001b4  ADC10MEM                      
000001bc  ADC10SA                       
0000cf18  ADC10_ISR                     
00000057  BCSCTL1                       
00000058  BCSCTL2                       
00000053  BCSCTL3                       
0000cf2e  C$$EXIT                       
00000059  CACTL1                        
0000005a  CACTL2                        
000010fb  CALBC1_12MHZ                  
000010f9  CALBC1_16MHZ                  
000010ff  CALBC1_1MHZ                   
000010fd  CALBC1_8MHZ                   
000010fa  CALDCO_12MHZ                  
000010f8  CALDCO_16MHZ                  
000010fe  CALDCO_1MHZ                   
000010fc  CALDCO_8MHZ                   
0000005b  CAPD                          
0000cd20  DAC8043                       
00000276  DAC_data                      
00000056  DCOCTL                        
00000128  FCTL1                         
0000012a  FCTL2                         
0000012c  FCTL3                         
00000000  IE1                           
00000001  IE2                           
00000002  IFG1                          
00000003  IFG2                          
0000cc06  Init_Devices                  
00000022  P1DIR                         
00000025  P1IE                          
00000024  P1IES                         
00000023  P1IFG                         
00000020  P1IN                          
00000021  P1OUT                         
00000027  P1REN                         
00000026  P1SEL                         
00000041  P1SEL2                        
0000002a  P2DIR                         
0000002d  P2IE                          
0000002c  P2IES                         
0000002b  P2IFG                         
00000028  P2IN                          
00000029  P2OUT                         
0000002f  P2REN                         
0000002e  P2SEL                         
00000042  P2SEL2                        
0000001a  P3DIR                         
00000018  P3IN                          
00000019  P3OUT                         
00000010  P3REN                         
0000001b  P3SEL                         
00000043  P3SEL2                        
0000ce4a  Port_Init                     
00000172  TA0CCR0                       
00000174  TA0CCR1                       
00000176  TA0CCR2                       
00000162  TA0CCTL0                      
00000164  TA0CCTL1                      
00000166  TA0CCTL2                      
00000160  TA0CTL                        
0000012e  TA0IV                         
00000170  TA0R                          
00000192  TA1CCR0                       
00000194  TA1CCR1                       
00000196  TA1CCR2                       
00000182  TA1CCTL0                      
00000184  TA1CCTL1                      
00000186  TA1CCTL2                      
00000180  TA1CTL                        
0000011e  TA1IV                         
00000190  TA1R                          
000010db  TLV_ADC10_1_LEN               
000010da  TLV_ADC10_1_TAG               
000010c0  TLV_CHECKSUM                  
000010f7  TLV_DCO_30_LEN                
000010f6  TLV_DCO_30_TAG                
0000cb64  Timer0_A0                     
0000ce98  Timer0_Init                   
0000005d  UCA0ABCTL                     
00000062  UCA0BR0                       
00000063  UCA0BR1                       
00000060  UCA0CTL0                      
00000061  UCA0CTL1                      
0000005f  UCA0IRRCTL                    
0000005e  UCA0IRTCTL                    
00000064  UCA0MCTL                      
00000066  UCA0RXBUF                     
00000065  UCA0STAT                      
00000067  UCA0TXBUF                     
0000006a  UCB0BR0                       
0000006b  UCB0BR1                       
00000068  UCB0CTL0                      
00000069  UCB0CTL1                      
0000006c  UCB0I2CIE                     
00000118  UCB0I2COA                     
0000011a  UCB0I2CSA                     
0000006e  UCB0RXBUF                     
0000006d  UCB0STAT                      
0000006f  UCB0TXBUF                     
00000120  WDTCTL                        
00000400  __STACK_END                   
00000050  __STACK_SIZE                  
0000cf5c  __TI_CINIT_Base               
0000cf64  __TI_CINIT_Limit              
0000cf64  __TI_CINIT_Warm               
0000cf52  __TI_Handler_Table_Base       
0000cf58  __TI_Handler_Table_Limit      
0000cf20  __TI_ISR_TRAP                 
0000ccde  __TI_auto_init_nobinit_nopinit
0000ca18  __TI_decompress_lzss          
0000ced2  __TI_decompress_none          
0000ffe0  __TI_int00                    
0000ffe4  __TI_int02                    
0000ffe6  __TI_int03                    
0000ffea  __TI_int05                    
0000ffec  __TI_int06                    
0000ffee  __TI_int07                    
0000fff0  __TI_int08                    
0000fff2  __TI_int09                    
0000fff4  __TI_int10                    
0000fff6  __TI_int11                    
0000fff8  __TI_int12                    
0000fffa  __TI_int13                    
0000fffc  __TI_int14                    
ffffffff  __TI_pprof_out_hndl           
ffffffff  __TI_prof_data_size           
ffffffff  __TI_prof_data_start          
0000ceac  __TI_zero_init_nomemset       
ffffffff  __c_args__                    
0000c000  __mspabi_addd                 
0000c8b2  __mspabi_cmpd                 
0000ce82  __mspabi_divu                 
0000cec0  __mspabi_fixdu                
0000ca94  __mspabi_fixdul               
0000cf28  __mspabi_fltud                
0000c98e  __mspabi_fltuld               
0000cf14  __mspabi_func_epilog_1        
0000cf12  __mspabi_func_epilog_2        
0000cf10  __mspabi_func_epilog_3        
0000cf0e  __mspabi_func_epilog_4        
0000cf0c  __mspabi_func_epilog_5        
0000cf0a  __mspabi_func_epilog_6        
0000cf08  __mspabi_func_epilog_7        
0000ce82  __mspabi_remu                 
0000cdf8  __mspabi_slli                 
0000ce20  __mspabi_slli_1               
0000ce0e  __mspabi_slli_10              
0000ce0c  __mspabi_slli_11              
0000ce0a  __mspabi_slli_12              
0000ce08  __mspabi_slli_13              
0000ce06  __mspabi_slli_14              
0000ce04  __mspabi_slli_15              
0000ce1e  __mspabi_slli_2               
0000ce1c  __mspabi_slli_3               
0000ce1a  __mspabi_slli_4               
0000ce18  __mspabi_slli_5               
0000ce16  __mspabi_slli_6               
0000ce14  __mspabi_slli_7               
0000ce12  __mspabi_slli_8               
0000ce10  __mspabi_slli_9               
0000cd98  __mspabi_slll_1               
0000cd74  __mspabi_slll_10              
0000cd70  __mspabi_slll_11              
0000cd6c  __mspabi_slll_12              
0000cd68  __mspabi_slll_13              
0000cd64  __mspabi_slll_14              
0000cd60  __mspabi_slll_15              
0000cd94  __mspabi_slll_2               
0000cd90  __mspabi_slll_3               
0000cd8c  __mspabi_slll_4               
0000cd88  __mspabi_slll_5               
0000cd84  __mspabi_slll_6               
0000cd80  __mspabi_slll_7               
0000cd7c  __mspabi_slll_8               
0000cd78  __mspabi_slll_9               
0000cc9a  __mspabi_sllll                
0000cdcc  __mspabi_srai                 
0000cdf4  __mspabi_srai_1               
0000cde2  __mspabi_srai_10              
0000cde0  __mspabi_srai_11              
0000cdde  __mspabi_srai_12              
0000cddc  __mspabi_srai_13              
0000cdda  __mspabi_srai_14              
0000cdd8  __mspabi_srai_15              
0000cdf2  __mspabi_srai_2               
0000cdf0  __mspabi_srai_3               
0000cdee  __mspabi_srai_4               
0000cdec  __mspabi_srai_5               
0000cdea  __mspabi_srai_6               
0000cde8  __mspabi_srai_7               
0000cde6  __mspabi_srai_8               
0000cde4  __mspabi_srai_9               
0000cc50  __mspabi_srall                
0000cbba  __mspabi_srli                 
0000cc00  __mspabi_srli_1               
0000cbdc  __mspabi_srli_10              
0000cbd8  __mspabi_srli_11              
0000cbd4  __mspabi_srli_12              
0000cbd0  __mspabi_srli_13              
0000cbcc  __mspabi_srli_14              
0000cbc8  __mspabi_srli_15              
0000cbfc  __mspabi_srli_2               
0000cbf8  __mspabi_srli_3               
0000cbf4  __mspabi_srli_4               
0000cbf0  __mspabi_srli_5               
0000cbec  __mspabi_srli_6               
0000cbe8  __mspabi_srli_7               
0000cbe4  __mspabi_srli_8               
0000cbe0  __mspabi_srli_9               
0000cee4  __mspabi_srll                 
0000cb5c  __mspabi_srll_1               
0000cb26  __mspabi_srll_10              
0000cb20  __mspabi_srll_11              
0000cb1a  __mspabi_srll_12              
0000cb14  __mspabi_srll_13              
0000cb0e  __mspabi_srll_14              
0000cb08  __mspabi_srll_15              
0000cb56  __mspabi_srll_2               
0000cb50  __mspabi_srll_3               
0000cb4a  __mspabi_srll_4               
0000cb44  __mspabi_srll_5               
0000cb3e  __mspabi_srll_6               
0000cb38  __mspabi_srll_7               
0000cb32  __mspabi_srll_8               
0000cb2c  __mspabi_srll_9               
0000cd9e  __mspabi_subd                 
0000ce66  _c_int00_noargs               
0000fffe  _reset_vector                 
000003b0  _stack                        
0000cf38  _system_post_cinit            
0000cf34  _system_pre_init              
0000cf2e  abort                         
00000200  adc                           
0000ce24  average                       
0000026a  clock300ms                    
0000026c  clock300ms_flag               
00000266  clock6ms                      
00000268  clock6ms_flag                 
00000272  data_step                     
00000274  datastep2                     
00000270  k                             
00000265  key_pre                       
0000c736  main                          
0000cef6  memcpy                        
0000026e  step                          
00000264  sys_state                     
0000027e  temp_voltage                  


GLOBAL SYMBOLS: SORTED BY Symbol Address 

address   name                          
-------   ----                          
00000000  IE1                           
00000001  IE2                           
00000002  IFG1                          
00000003  IFG2                          
00000010  P3REN                         
00000018  P3IN                          
00000019  P3OUT                         
0000001a  P3DIR                         
0000001b  P3SEL                         
00000020  P1IN                          
00000021  P1OUT                         
00000022  P1DIR                         
00000023  P1IFG                         
00000024  P1IES                         
00000025  P1IE                          
00000026  P1SEL                         
00000027  P1REN                         
00000028  P2IN                          
00000029  P2OUT                         
0000002a  P2DIR                         
0000002b  P2IFG                         
0000002c  P2IES                         
0000002d  P2IE                          
0000002e  P2SEL                         
0000002f  P2REN                         
00000041  P1SEL2                        
00000042  P2SEL2                        
00000043  P3SEL2                        
00000048  ADC10DTC0                     
00000049  ADC10DTC1                     
0000004a  ADC10AE0                      
00000050  __STACK_SIZE                  
00000053  BCSCTL3                       
00000056  DCOCTL                        
00000057  BCSCTL1                       
00000058  BCSCTL2                       
00000059  CACTL1                        
0000005a  CACTL2                        
0000005b  CAPD                          
0000005d  UCA0ABCTL                     
0000005e  UCA0IRTCTL                    
0000005f  UCA0IRRCTL                    
00000060  UCA0CTL0                      
00000061  UCA0CTL1                      
00000062  UCA0BR0                       
00000063  UCA0BR1                       
00000064  UCA0MCTL                      
00000065  UCA0STAT                      
00000066  UCA0RXBUF                     
00000067  UCA0TXBUF                     
00000068  UCB0CTL0                      
00000069  UCB0CTL1                      
0000006a  UCB0BR0                       
0000006b  UCB0BR1                       
0000006c  UCB0I2CIE                     
0000006d  UCB0STAT                      
0000006e  UCB0RXBUF                     
0000006f  UCB0TXBUF                     
00000118  UCB0I2COA                     
0000011a  UCB0I2CSA                     
0000011e  TA1IV                         
00000120  WDTCTL                        
00000128  FCTL1                         
0000012a  FCTL2                         
0000012c  FCTL3                         
0000012e  TA0IV                         
00000160  TA0CTL                        
00000162  TA0CCTL0                      
00000164  TA0CCTL1                      
00000166  TA0CCTL2                      
00000170  TA0R                          
00000172  TA0CCR0                       
00000174  TA0CCR1                       
00000176  TA0CCR2                       
00000180  TA1CTL                        
00000182  TA1CCTL0                      
00000184  TA1CCTL1                      
00000186  TA1CCTL2                      
00000190  TA1R                          
00000192  TA1CCR0                       
00000194  TA1CCR1                       
00000196  TA1CCR2                       
000001b0  ADC10CTL0                     
000001b2  ADC10CTL1                     
000001b4  ADC10MEM                      
000001bc  ADC10SA                       
00000200  adc                           
00000264  sys_state                     
00000265  key_pre                       
00000266  clock6ms                      
00000268  clock6ms_flag                 
0000026a  clock300ms                    
0000026c  clock300ms_flag               
0000026e  step                          
00000270  k                             
00000272  data_step                     
00000274  datastep2                     
00000276  DAC_data                      
0000027e  temp_voltage                  
000003b0  _stack                        
00000400  __STACK_END                   
000010c0  TLV_CHECKSUM                  
000010da  TLV_ADC10_1_TAG               
000010db  TLV_ADC10_1_LEN               
000010f6  TLV_DCO_30_TAG                
000010f7  TLV_DCO_30_LEN                
000010f8  CALDCO_16MHZ                  
000010f9  CALBC1_16MHZ                  
000010fa  CALDCO_12MHZ                  
000010fb  CALBC1_12MHZ                  
000010fc  CALDCO_8MHZ                   
000010fd  CALBC1_8MHZ                   
000010fe  CALDCO_1MHZ                   
000010ff  CALBC1_1MHZ                   
0000c000  __mspabi_addd                 
0000c736  main                          
0000c8b2  __mspabi_cmpd                 
0000c98e  __mspabi_fltuld               
0000ca18  __TI_decompress_lzss          
0000ca94  __mspabi_fixdul               
0000cb08  __mspabi_srll_15              
0000cb0e  __mspabi_srll_14              
0000cb14  __mspabi_srll_13              
0000cb1a  __mspabi_srll_12              
0000cb20  __mspabi_srll_11              
0000cb26  __mspabi_srll_10              
0000cb2c  __mspabi_srll_9               
0000cb32  __mspabi_srll_8               
0000cb38  __mspabi_srll_7               
0000cb3e  __mspabi_srll_6               
0000cb44  __mspabi_srll_5               
0000cb4a  __mspabi_srll_4               
0000cb50  __mspabi_srll_3               
0000cb56  __mspabi_srll_2               
0000cb5c  __mspabi_srll_1               
0000cb64  Timer0_A0                     
0000cbba  __mspabi_srli                 
0000cbc8  __mspabi_srli_15              
0000cbcc  __mspabi_srli_14              
0000cbd0  __mspabi_srli_13              
0000cbd4  __mspabi_srli_12              
0000cbd8  __mspabi_srli_11              
0000cbdc  __mspabi_srli_10              
0000cbe0  __mspabi_srli_9               
0000cbe4  __mspabi_srli_8               
0000cbe8  __mspabi_srli_7               
0000cbec  __mspabi_srli_6               
0000cbf0  __mspabi_srli_5               
0000cbf4  __mspabi_srli_4               
0000cbf8  __mspabi_srli_3               
0000cbfc  __mspabi_srli_2               
0000cc00  __mspabi_srli_1               
0000cc06  Init_Devices                  
0000cc50  __mspabi_srall                
0000cc9a  __mspabi_sllll                
0000ccde  __TI_auto_init_nobinit_nopinit
0000cd20  DAC8043                       
0000cd60  __mspabi_slll_15              
0000cd64  __mspabi_slll_14              
0000cd68  __mspabi_slll_13              
0000cd6c  __mspabi_slll_12              
0000cd70  __mspabi_slll_11              
0000cd74  __mspabi_slll_10              
0000cd78  __mspabi_slll_9               
0000cd7c  __mspabi_slll_8               
0000cd80  __mspabi_slll_7               
0000cd84  __mspabi_slll_6               
0000cd88  __mspabi_slll_5               
0000cd8c  __mspabi_slll_4               
0000cd90  __mspabi_slll_3               
0000cd94  __mspabi_slll_2               
0000cd98  __mspabi_slll_1               
0000cd9e  __mspabi_subd                 
0000cdcc  __mspabi_srai                 
0000cdd8  __mspabi_srai_15              
0000cdda  __mspabi_srai_14              
0000cddc  __mspabi_srai_13              
0000cdde  __mspabi_srai_12              
0000cde0  __mspabi_srai_11              
0000cde2  __mspabi_srai_10              
0000cde4  __mspabi_srai_9               
0000cde6  __mspabi_srai_8               
0000cde8  __mspabi_srai_7               
0000cdea  __mspabi_srai_6               
0000cdec  __mspabi_srai_5               
0000cdee  __mspabi_srai_4               
0000cdf0  __mspabi_srai_3               
0000cdf2  __mspabi_srai_2               
0000cdf4  __mspabi_srai_1               
0000cdf8  __mspabi_slli                 
0000ce04  __mspabi_slli_15              
0000ce06  __mspabi_slli_14              
0000ce08  __mspabi_slli_13              
0000ce0a  __mspabi_slli_12              
0000ce0c  __mspabi_slli_11              
0000ce0e  __mspabi_slli_10              
0000ce10  __mspabi_slli_9               
0000ce12  __mspabi_slli_8               
0000ce14  __mspabi_slli_7               
0000ce16  __mspabi_slli_6               
0000ce18  __mspabi_slli_5               
0000ce1a  __mspabi_slli_4               
0000ce1c  __mspabi_slli_3               
0000ce1e  __mspabi_slli_2               
0000ce20  __mspabi_slli_1               
0000ce24  average                       
0000ce4a  Port_Init                     
0000ce66  _c_int00_noargs               
0000ce82  __mspabi_divu                 
0000ce82  __mspabi_remu                 
0000ce98  Timer0_Init                   
0000ceac  __TI_zero_init_nomemset       
0000cec0  __mspabi_fixdu                
0000ced2  __TI_decompress_none          
0000cee4  __mspabi_srll                 
0000cef6  memcpy                        
0000cf08  __mspabi_func_epilog_7        
0000cf0a  __mspabi_func_epilog_6        
0000cf0c  __mspabi_func_epilog_5        
0000cf0e  __mspabi_func_epilog_4        
0000cf10  __mspabi_func_epilog_3        
0000cf12  __mspabi_func_epilog_2        
0000cf14  __mspabi_func_epilog_1        
0000cf18  ADC10_ISR                     
0000cf20  __TI_ISR_TRAP                 
0000cf28  __mspabi_fltud                
0000cf2e  C$$EXIT                       
0000cf2e  abort                         
0000cf34  _system_pre_init              
0000cf38  _system_post_cinit            
0000cf52  __TI_Handler_Table_Base       
0000cf58  __TI_Handler_Table_Limit      
0000cf5c  __TI_CINIT_Base               
0000cf64  __TI_CINIT_Limit              
0000cf64  __TI_CINIT_Warm               
0000ffe0  __TI_int00                    
0000ffe4  __TI_int02                    
0000ffe6  __TI_int03                    
0000ffea  __TI_int05                    
0000ffec  __TI_int06                    
0000ffee  __TI_int07                    
0000fff0  __TI_int08                    
0000fff2  __TI_int09                    
0000fff4  __TI_int10                    
0000fff6  __TI_int11                    
0000fff8  __TI_int12                    
0000fffa  __TI_int13                    
0000fffc  __TI_int14                    
0000fffe  _reset_vector                 
ffffffff  __TI_pprof_out_hndl           
ffffffff  __TI_prof_data_size           
ffffffff  __TI_prof_data_start          
ffffffff  __c_args__                    

[253 symbols]
