******************************************************************************
                  MSP430 Linker PC v21.6.1                     
******************************************************************************
>> Linked Mon May  6 16:03:37 2024

OUTPUT FILE NAME:   <AGC-main.out>
ENTRY POINT SYMBOL: "_c_int00_noargs"  address: 0000dac0


MEMORY CONFIGURATION

         name            origin    length      used     unused   attr    fill
----------------------  --------  ---------  --------  --------  ----  --------
  SFR                   00000000   00000010  00000000  00000010  RWIX
  PERIPHERALS_8BIT      00000010   000000f0  00000000  000000f0  RWIX
  PERIPHERALS_16BIT     00000100   00000100  00000000  00000100  RWIX
  RAM                   00000200   00000200  000000c6  0000013a  RWIX
  INFOD                 00001000   00000040  00000000  00000040  RWIX
  INFOC                 00001040   00000040  00000000  00000040  RWIX
  INFOB                 00001080   00000040  00000000  00000040  RWIX
  INFOA                 000010c0   00000040  00000000  00000040  RWIX
  FLASH                 0000c000   00003fde  00001bc6  00002418  RWIX
  BSLSIGNATURE          0000ffde   00000002  00000002  00000000  RWIX  ffff 
  INT00                 0000ffe0   00000002  00000002  00000000  RWIX
  INT01                 0000ffe2   00000002  00000000  00000002  RWIX
  INT02                 0000ffe4   00000002  00000002  00000000  RWIX
  INT03                 0000ffe6   00000002  00000002  00000000  RWIX
  INT04                 0000ffe8   00000002  00000000  00000002  RWIX
  INT05                 0000ffea   00000002  00000002  00000000  RWIX
  INT06                 0000ffec   00000002  00000002  00000000  RWIX
  INT07                 0000ffee   00000002  00000002  00000000  RWIX
  INT08                 0000fff0   00000002  00000002  00000000  RWIX
  INT09                 0000fff2   00000002  00000002  00000000  RWIX
  INT10                 0000fff4   00000002  00000002  00000000  RWIX
  INT11                 0000fff6   00000002  00000002  00000000  RWIX
  INT12                 0000fff8   00000002  00000002  00000000  RWIX
  INT13                 0000fffa   00000002  00000002  00000000  RWIX
  INT14                 0000fffc   00000002  00000002  00000000  RWIX
  RESET                 0000fffe   00000002  00000002  00000000  RWIX


SECTION ALLOCATION MAP

 output                                  attributes/
section   page    origin      length       input sections
--------  ----  ----------  ----------   ----------------
.data      0    00000200    0000006c     UNINITIALIZED
                  00000200    00000064     main.obj (.data:adcbuff)
                  00000264    00000008     main.obj (.data)

.bss       0    0000026c    0000000a     UNINITIALIZED
                  0000026c    00000004     (.common:TP2)
                  00000270    00000004     (.common:TP3)
                  00000274    00000002     (.common:adc_average)

.stack     0    000003b0    00000050     UNINITIALIZED
                  000003b0    00000002     rts430_eabi.lib : boot.c.obj (.stack)
                  000003b2    0000004e     --HOLE--

.text      0    0000c000    00001baa     
                  0000c000    00000736     rts430_eabi.lib : addd.c.obj (.text:__mspabi_addd)
                  0000c736    00000478                     : frcdivd.c.obj (.text:__TI_frcdivd)
                  0000cbae    000002c0                     : mpyd.c.obj (.text:__mspabi_mpyd)
                  0000ce6e    00000232                     : divd.c.obj (.text:__mspabi_divd)
                  0000d0a0    00000172                     : frcmpyd.c.obj (.text:__TI_frcmpyd)
                  0000d212    00000114                     : mult64.asm.obj (.text:__mpyll)
                  0000d326    000000fc     main.obj (.text:main)
                  0000d422    000000b4     rts430_eabi.lib : cvtdf.c.obj (.text:__mspabi_cvtdf)
                  0000d4d6    0000007c                     : copy_decompress_lzss.c.obj (.text:decompress:lzss:__TI_decompress_lzss)
                  0000d552    00000074                     : fixdul.c.obj (.text:__mspabi_fixdul)
                  0000d5c6    00000070                     : cvtfd.c.obj (.text:__mspabi_cvtfd)
                  0000d636    0000005c                     : lsr32.asm.obj (.text:l_lsr_const)
                  0000d692    00000058                     : div32u.asm.obj (.text)
                  0000d6ea    0000004c     main.obj (.text:InitADC)
                  0000d736    0000004c     rts430_eabi.lib : lsr16.asm.obj (.text)
                  0000d782    0000004a                     : asr64.c.obj (.text:__mspabi_srall)
                  0000d7cc    00000046                     : lsr64.c.obj (.text:__mspabi_srlll)
                  0000d812    00000044                     : lsl64.c.obj (.text:__mspabi_sllll)
                  0000d856    00000042     main.obj (.text:Init_Devices)
                  0000d898    00000042     rts430_eabi.lib : autoinit.c.obj (.text:__TI_auto_init_nobinit_nopinit:__TI_auto_init_nobinit_nopinit)
                  0000d8da    00000040     main.obj (.text:DAC8043)
                  0000d91a    0000003e     rts430_eabi.lib : asr32.asm.obj (.text:l_asr_const)
                  0000d958    0000003e                     : lsl32.asm.obj (.text:l_lsl_const)
                  0000d996    0000002c     main.obj (.text:Average)
                  0000d9c2    0000002c     rts430_eabi.lib : asr16.asm.obj (.text)
                  0000d9ee    0000002c                     : lsl16.asm.obj (.text)
                  0000da1a    00000026                     : mult32.asm.obj (.text)
                  0000da40    00000024                     : fs_utof.asm.obj (.text)
                  0000da64    00000022                     : mult1632.asm.obj (.text:__mpyul)
                  0000da86    0000001e                     : mult3264.asm.obj (.text:__mpyull)
                  0000daa4    0000001c     main.obj (.text:Port_Init)
                  0000dac0    0000001c     rts430_eabi.lib : boot.c.obj (.text:_c_int00_noargs)
                  0000dadc    00000018     main.obj (.text:Timer0_A0)
                  0000daf4    00000014     main.obj (.text:Timer0_Init)
                  0000db08    00000014     rts430_eabi.lib : copy_zero_init.c.obj (.text:decompress:ZI:__TI_zero_init_nomemset:__TI_zero_init_nomemset)
                  0000db1c    00000014                     : mult16.asm.obj (.text)
                  0000db30    00000012                     : fixdu.c.obj (.text:__mspabi_fixdu)
                  0000db42    00000012                     : copy_decompress_none.c.obj (.text:decompress:none:__TI_decompress_none)
                  0000db54    00000012                     : lsr32.asm.obj (.text:l_lsr)
                  0000db66    00000012                     : memcpy.c.obj (.text:memcpy)
                  0000db78    00000010                     : epilog.asm.obj (.text)
                  0000db88    0000000e     main.obj (.text:StartADCConvert)
                  0000db96    00000008     rts430_eabi.lib : isr_trap.asm.obj (.text:_isr:__TI_ISR_TRAP)
                  0000db9e    00000006                     : exit.c.obj (.text:abort)
                  0000dba4    00000004                     : pre_init.c.obj (.text:_system_pre_init)
                  0000dba8    00000002                     : startup.c.obj (.text:_system_post_cinit)

.cinit     0    0000dbaa    0000001c     
                  0000dbaa    00000009     (.cinit..data.load) [load image, compression = lzss]
                  0000dbb3    00000001     --HOLE-- [fill = 0]
                  0000dbb4    00000006     (__TI_handler_table)
                  0000dbba    00000004     (.cinit..bss.load) [load image, compression = zero_init]
                  0000dbbe    00000008     (__TI_cinit_table)

.binit     0    0000c000    00000000     

.init_array 
*          0    0000c000    00000000     UNINITIALIZED

TRAPINT    0    0000ffe0    00000002     
                  0000ffe0    00000002     rts430_eabi.lib : int00.asm.obj (.int00)

PORT1      0    0000ffe4    00000002     
                  0000ffe4    00000002     rts430_eabi.lib : int02.asm.obj (.int02)

PORT2      0    0000ffe6    00000002     
                  0000ffe6    00000002     rts430_eabi.lib : int03.asm.obj (.int03)

ADC10      0    0000ffea    00000002     
                  0000ffea    00000002     rts430_eabi.lib : int05.asm.obj (.int05)

USCIAB0TX 
*          0    0000ffec    00000002     
                  0000ffec    00000002     rts430_eabi.lib : int06.asm.obj (.int06)

USCIAB0RX 
*          0    0000ffee    00000002     
                  0000ffee    00000002     rts430_eabi.lib : int07.asm.obj (.int07)

TIMER0_A1 
*          0    0000fff0    00000002     
                  0000fff0    00000002     rts430_eabi.lib : int08.asm.obj (.int08)

TIMER0_A0 
*          0    0000fff2    00000002     
                  0000fff2    00000002     main.obj (.int09)

WDT        0    0000fff4    00000002     
                  0000fff4    00000002     rts430_eabi.lib : int10.asm.obj (.int10)

COMPARATORA 
*          0    0000fff6    00000002     
                  0000fff6    00000002     rts430_eabi.lib : int11.asm.obj (.int11)

TIMER1_A1 
*          0    0000fff8    00000002     
                  0000fff8    00000002     rts430_eabi.lib : int12.asm.obj (.int12)

TIMER1_A0 
*          0    0000fffa    00000002     
                  0000fffa    00000002     rts430_eabi.lib : int13.asm.obj (.int13)

NMI        0    0000fffc    00000002     
                  0000fffc    00000002     rts430_eabi.lib : int14.asm.obj (.int14)

.reset     0    0000fffe    00000002     
                  0000fffe    00000002     rts430_eabi.lib : boot.c.obj (.reset)

$fill000   0    0000ffde    00000002     
                  0000ffde    00000002     --HOLE-- [fill = ffff]

MODULE SUMMARY

       Module                       code   ro data   rw data
       ------                       ----   -------   -------
    .\
       main.obj                     588    2         118    
    +--+----------------------------+------+---------+---------+
       Total:                       588    2         118    
                                                            
    C:\ti\ccs1260\ccs\tools\compiler\ti-cgt-msp430_21.6.1.LTS\lib\rts430_eabi.lib
       addd.c.obj                   1846   0         0      
       frcdivd.c.obj                1144   0         0      
       mpyd.c.obj                   704    0         0      
       divd.c.obj                   562    0         0      
       frcmpyd.c.obj                370    0         0      
       mult64.asm.obj               276    0         0      
       cvtdf.c.obj                  180    0         0      
       copy_decompress_lzss.c.obj   124    0         0      
       fixdul.c.obj                 116    0         0      
       cvtfd.c.obj                  112    0         0      
       lsr32.asm.obj                110    0         0      
       div32u.asm.obj               88     0         0      
       lsr16.asm.obj                76     0         0      
       asr64.c.obj                  74     0         0      
       lsr64.c.obj                  70     0         0      
       lsl64.c.obj                  68     0         0      
       autoinit.c.obj               66     0         0      
       asr32.asm.obj                62     0         0      
       lsl32.asm.obj                62     0         0      
       asr16.asm.obj                44     0         0      
       lsl16.asm.obj                44     0         0      
       mult32.asm.obj               38     0         0      
       fs_utof.asm.obj              36     0         0      
       mult1632.asm.obj             34     0         0      
       boot.c.obj                   28     2         0      
       mult3264.asm.obj             30     0         0      
       copy_zero_init.c.obj         20     0         0      
       mult16.asm.obj               20     0         0      
       copy_decompress_none.c.obj   18     0         0      
       fixdu.c.obj                  18     0         0      
       memcpy.c.obj                 18     0         0      
       epilog.asm.obj               16     0         0      
       isr_trap.asm.obj             8      0         0      
       exit.c.obj                   6      0         0      
       pre_init.c.obj               4      0         0      
       int00.asm.obj                0      2         0      
       int02.asm.obj                0      2         0      
       int03.asm.obj                0      2         0      
       int05.asm.obj                0      2         0      
       int06.asm.obj                0      2         0      
       int07.asm.obj                0      2         0      
       int08.asm.obj                0      2         0      
       int10.asm.obj                0      2         0      
       int11.asm.obj                0      2         0      
       int12.asm.obj                0      2         0      
       int13.asm.obj                0      2         0      
       int14.asm.obj                0      2         0      
       startup.c.obj                2      0         0      
    +--+----------------------------+------+---------+---------+
       Total:                       6494   26        0      
                                                            
       Stack:                       0      0         80     
       Linker Generated:            0      27        0      
    +--+----------------------------+------+---------+---------+
       Grand Total:                 7082   55        198    


LINKER GENERATED COPY TABLES

__TI_cinit_table @ 0000dbbe records: 2, size/record: 4, table size: 8
	.data: load addr=0000dbaa, load size=00000009 bytes, run addr=00000200, run size=0000006c bytes, compression=lzss
	.bss: load addr=0000dbba, load size=00000004 bytes, run addr=0000026c, run size=0000000a bytes, compression=zero_init


LINKER GENERATED HANDLER TABLE

__TI_handler_table @ 0000dbb4 records: 3, size/record: 2, table size: 6
	index: 0, handler: __TI_zero_init
	index: 1, handler: __TI_decompress_lzss
	index: 2, handler: __TI_decompress_none


GLOBAL SYMBOLS: SORTED ALPHABETICALLY BY Name 

address   name                          
-------   ----                          
0000004a  ADC10AE0                      
000001b0  ADC10CTL0                     
000001b2  ADC10CTL1                     
00000048  ADC10DTC0                     
00000049  ADC10DTC1                     
000001b4  ADC10MEM                      
000001bc  ADC10SA                       
0000d996  Average                       
00000057  BCSCTL1                       
00000058  BCSCTL2                       
00000053  BCSCTL3                       
0000db9e  C$$EXIT                       
00000059  CACTL1                        
0000005a  CACTL2                        
000010fb  CALBC1_12MHZ                  
000010f9  CALBC1_16MHZ                  
000010ff  CALBC1_1MHZ                   
000010fd  CALBC1_8MHZ                   
000010fa  CALDCO_12MHZ                  
000010f8  CALDCO_16MHZ                  
000010fe  CALDCO_1MHZ                   
000010fc  CALDCO_8MHZ                   
0000005b  CAPD                          
0000d8da  DAC8043                       
00000056  DCOCTL                        
00000128  FCTL1                         
0000012a  FCTL2                         
0000012c  FCTL3                         
00000000  IE1                           
00000001  IE2                           
00000002  IFG1                          
00000003  IFG2                          
0000d6ea  InitADC                       
0000d856  Init_Devices                  
00000022  P1DIR                         
00000025  P1IE                          
00000024  P1IES                         
00000023  P1IFG                         
00000020  P1IN                          
00000021  P1OUT                         
00000027  P1REN                         
00000026  P1SEL                         
00000041  P1SEL2                        
0000002a  P2DIR                         
0000002d  P2IE                          
0000002c  P2IES                         
0000002b  P2IFG                         
00000028  P2IN                          
00000029  P2OUT                         
0000002f  P2REN                         
0000002e  P2SEL                         
00000042  P2SEL2                        
0000001a  P3DIR                         
00000018  P3IN                          
00000019  P3OUT                         
00000010  P3REN                         
0000001b  P3SEL                         
00000043  P3SEL2                        
0000daa4  Port_Init                     
0000db88  StartADCConvert               
00000172  TA0CCR0                       
00000174  TA0CCR1                       
00000176  TA0CCR2                       
00000162  TA0CCTL0                      
00000164  TA0CCTL1                      
00000166  TA0CCTL2                      
00000160  TA0CTL                        
0000012e  TA0IV                         
00000170  TA0R                          
00000192  TA1CCR0                       
00000194  TA1CCR1                       
00000196  TA1CCR2                       
00000182  TA1CCTL0                      
00000184  TA1CCTL1                      
00000186  TA1CCTL2                      
00000180  TA1CTL                        
0000011e  TA1IV                         
00000190  TA1R                          
000010db  TLV_ADC10_1_LEN               
000010da  TLV_ADC10_1_TAG               
000010c0  TLV_CHECKSUM                  
000010f7  TLV_DCO_30_LEN                
000010f6  TLV_DCO_30_TAG                
0000026c  TP2                           
00000270  TP3                           
0000dadc  Timer0_A0                     
0000daf4  Timer0_Init                   
0000005d  UCA0ABCTL                     
00000062  UCA0BR0                       
00000063  UCA0BR1                       
00000060  UCA0CTL0                      
00000061  UCA0CTL1                      
0000005f  UCA0IRRCTL                    
0000005e  UCA0IRTCTL                    
00000064  UCA0MCTL                      
00000066  UCA0RXBUF                     
00000065  UCA0STAT                      
00000067  UCA0TXBUF                     
0000006a  UCB0BR0                       
0000006b  UCB0BR1                       
00000068  UCB0CTL0                      
00000069  UCB0CTL1                      
0000006c  UCB0I2CIE                     
00000118  UCB0I2COA                     
0000011a  UCB0I2CSA                     
0000006e  UCB0RXBUF                     
0000006d  UCB0STAT                      
0000006f  UCB0TXBUF                     
00000120  WDTCTL                        
00000400  __STACK_END                   
00000050  __STACK_SIZE                  
0000dbbe  __TI_CINIT_Base               
0000dbc6  __TI_CINIT_Limit              
0000dbc6  __TI_CINIT_Warm               
0000dbb4  __TI_Handler_Table_Base       
0000dbba  __TI_Handler_Table_Limit      
0000db96  __TI_ISR_TRAP                 
0000d898  __TI_auto_init_nobinit_nopinit
0000d4d6  __TI_decompress_lzss          
0000db42  __TI_decompress_none          
0000c736  __TI_frcdivd                  
0000d0a0  __TI_frcmpyd                  
0000ffe0  __TI_int00                    
0000ffe4  __TI_int02                    
0000ffe6  __TI_int03                    
0000ffea  __TI_int05                    
0000ffec  __TI_int06                    
0000ffee  __TI_int07                    
0000fff0  __TI_int08                    
0000fff2  __TI_int09                    
0000fff4  __TI_int10                    
0000fff6  __TI_int11                    
0000fff8  __TI_int12                    
0000fffa  __TI_int13                    
0000fffc  __TI_int14                    
ffffffff  __TI_pprof_out_hndl           
ffffffff  __TI_prof_data_size           
ffffffff  __TI_prof_data_start          
0000db08  __TI_zero_init_nomemset       
ffffffff  __c_args__                    
0000c000  __mspabi_addd                 
0000d422  __mspabi_cvtdf                
0000d5c6  __mspabi_cvtfd                
0000ce6e  __mspabi_divd                 
0000d692  __mspabi_divul                
0000db30  __mspabi_fixdu                
0000d552  __mspabi_fixdul               
0000da40  __mspabi_fltuf                
0000db84  __mspabi_func_epilog_1        
0000db82  __mspabi_func_epilog_2        
0000db80  __mspabi_func_epilog_3        
0000db7e  __mspabi_func_epilog_4        
0000db7c  __mspabi_func_epilog_5        
0000db7a  __mspabi_func_epilog_6        
0000db78  __mspabi_func_epilog_7        
0000cbae  __mspabi_mpyd                 
0000db1c  __mspabi_mpyi                 
0000db1c  __mspabi_mpyi_sw              
0000da1a  __mspabi_mpyl                 
0000da1a  __mspabi_mpyl_sw              
0000d212  __mspabi_mpyll                
0000d212  __mspabi_mpyll_sw             
0000da64  __mspabi_mpyul                
0000da64  __mspabi_mpyul_sw             
0000da86  __mspabi_mpyull               
0000da86  __mspabi_mpyull_sw            
0000d692  __mspabi_remul                
0000d9ee  __mspabi_slli                 
0000da16  __mspabi_slli_1               
0000da04  __mspabi_slli_10              
0000da02  __mspabi_slli_11              
0000da00  __mspabi_slli_12              
0000d9fe  __mspabi_slli_13              
0000d9fc  __mspabi_slli_14              
0000d9fa  __mspabi_slli_15              
0000da14  __mspabi_slli_2               
0000da12  __mspabi_slli_3               
0000da10  __mspabi_slli_4               
0000da0e  __mspabi_slli_5               
0000da0c  __mspabi_slli_6               
0000da0a  __mspabi_slli_7               
0000da08  __mspabi_slli_8               
0000da06  __mspabi_slli_9               
0000d990  __mspabi_slll_1               
0000d96c  __mspabi_slll_10              
0000d968  __mspabi_slll_11              
0000d964  __mspabi_slll_12              
0000d960  __mspabi_slll_13              
0000d95c  __mspabi_slll_14              
0000d958  __mspabi_slll_15              
0000d98c  __mspabi_slll_2               
0000d988  __mspabi_slll_3               
0000d984  __mspabi_slll_4               
0000d980  __mspabi_slll_5               
0000d97c  __mspabi_slll_6               
0000d978  __mspabi_slll_7               
0000d974  __mspabi_slll_8               
0000d970  __mspabi_slll_9               
0000d812  __mspabi_sllll                
0000d9c2  __mspabi_srai                 
0000d9ea  __mspabi_srai_1               
0000d9d8  __mspabi_srai_10              
0000d9d6  __mspabi_srai_11              
0000d9d4  __mspabi_srai_12              
0000d9d2  __mspabi_srai_13              
0000d9d0  __mspabi_srai_14              
0000d9ce  __mspabi_srai_15              
0000d9e8  __mspabi_srai_2               
0000d9e6  __mspabi_srai_3               
0000d9e4  __mspabi_srai_4               
0000d9e2  __mspabi_srai_5               
0000d9e0  __mspabi_srai_6               
0000d9de  __mspabi_srai_7               
0000d9dc  __mspabi_srai_8               
0000d9da  __mspabi_srai_9               
0000d952  __mspabi_sral_1               
0000d92e  __mspabi_sral_10              
0000d92a  __mspabi_sral_11              
0000d926  __mspabi_sral_12              
0000d922  __mspabi_sral_13              
0000d91e  __mspabi_sral_14              
0000d91a  __mspabi_sral_15              
0000d94e  __mspabi_sral_2               
0000d94a  __mspabi_sral_3               
0000d946  __mspabi_sral_4               
0000d942  __mspabi_sral_5               
0000d93e  __mspabi_sral_6               
0000d93a  __mspabi_sral_7               
0000d936  __mspabi_sral_8               
0000d932  __mspabi_sral_9               
0000d782  __mspabi_srall                
0000d736  __mspabi_srli                 
0000d77c  __mspabi_srli_1               
0000d758  __mspabi_srli_10              
0000d754  __mspabi_srli_11              
0000d750  __mspabi_srli_12              
0000d74c  __mspabi_srli_13              
0000d748  __mspabi_srli_14              
0000d744  __mspabi_srli_15              
0000d778  __mspabi_srli_2               
0000d774  __mspabi_srli_3               
0000d770  __mspabi_srli_4               
0000d76c  __mspabi_srli_5               
0000d768  __mspabi_srli_6               
0000d764  __mspabi_srli_7               
0000d760  __mspabi_srli_8               
0000d75c  __mspabi_srli_9               
0000db54  __mspabi_srll                 
0000d68a  __mspabi_srll_1               
0000d654  __mspabi_srll_10              
0000d64e  __mspabi_srll_11              
0000d648  __mspabi_srll_12              
0000d642  __mspabi_srll_13              
0000d63c  __mspabi_srll_14              
0000d636  __mspabi_srll_15              
0000d684  __mspabi_srll_2               
0000d67e  __mspabi_srll_3               
0000d678  __mspabi_srll_4               
0000d672  __mspabi_srll_5               
0000d66c  __mspabi_srll_6               
0000d666  __mspabi_srll_7               
0000d660  __mspabi_srll_8               
0000d65a  __mspabi_srll_9               
0000d7cc  __mspabi_srlll                
0000dac0  _c_int00_noargs               
0000fffe  _reset_vector                 
000003b0  _stack                        
0000dba8  _system_post_cinit            
0000dba4  _system_pre_init              
0000db9e  abort                         
00000274  adc_average                   
00000200  adcbuff                       
00000268  clock100ms                    
00000264  clock500ms                    
00000266  clock500ms_flag               
0000026a  code                          
0000d326  main                          
0000db66  memcpy                        


GLOBAL SYMBOLS: SORTED BY Symbol Address 

address   name                          
-------   ----                          
00000000  IE1                           
00000001  IE2                           
00000002  IFG1                          
00000003  IFG2                          
00000010  P3REN                         
00000018  P3IN                          
00000019  P3OUT                         
0000001a  P3DIR                         
0000001b  P3SEL                         
00000020  P1IN                          
00000021  P1OUT                         
00000022  P1DIR                         
00000023  P1IFG                         
00000024  P1IES                         
00000025  P1IE                          
00000026  P1SEL                         
00000027  P1REN                         
00000028  P2IN                          
00000029  P2OUT                         
0000002a  P2DIR                         
0000002b  P2IFG                         
0000002c  P2IES                         
0000002d  P2IE                          
0000002e  P2SEL                         
0000002f  P2REN                         
00000041  P1SEL2                        
00000042  P2SEL2                        
00000043  P3SEL2                        
00000048  ADC10DTC0                     
00000049  ADC10DTC1                     
0000004a  ADC10AE0                      
00000050  __STACK_SIZE                  
00000053  BCSCTL3                       
00000056  DCOCTL                        
00000057  BCSCTL1                       
00000058  BCSCTL2                       
00000059  CACTL1                        
0000005a  CACTL2                        
0000005b  CAPD                          
0000005d  UCA0ABCTL                     
0000005e  UCA0IRTCTL                    
0000005f  UCA0IRRCTL                    
00000060  UCA0CTL0                      
00000061  UCA0CTL1                      
00000062  UCA0BR0                       
00000063  UCA0BR1                       
00000064  UCA0MCTL                      
00000065  UCA0STAT                      
00000066  UCA0RXBUF                     
00000067  UCA0TXBUF                     
00000068  UCB0CTL0                      
00000069  UCB0CTL1                      
0000006a  UCB0BR0                       
0000006b  UCB0BR1                       
0000006c  UCB0I2CIE                     
0000006d  UCB0STAT                      
0000006e  UCB0RXBUF                     
0000006f  UCB0TXBUF                     
00000118  UCB0I2COA                     
0000011a  UCB0I2CSA                     
0000011e  TA1IV                         
00000120  WDTCTL                        
00000128  FCTL1                         
0000012a  FCTL2                         
0000012c  FCTL3                         
0000012e  TA0IV                         
00000160  TA0CTL                        
00000162  TA0CCTL0                      
00000164  TA0CCTL1                      
00000166  TA0CCTL2                      
00000170  TA0R                          
00000172  TA0CCR0                       
00000174  TA0CCR1                       
00000176  TA0CCR2                       
00000180  TA1CTL                        
00000182  TA1CCTL0                      
00000184  TA1CCTL1                      
00000186  TA1CCTL2                      
00000190  TA1R                          
00000192  TA1CCR0                       
00000194  TA1CCR1                       
00000196  TA1CCR2                       
000001b0  ADC10CTL0                     
000001b2  ADC10CTL1                     
000001b4  ADC10MEM                      
000001bc  ADC10SA                       
00000200  adcbuff                       
00000264  clock500ms                    
00000266  clock500ms_flag               
00000268  clock100ms                    
0000026a  code                          
0000026c  TP2                           
00000270  TP3                           
00000274  adc_average                   
000003b0  _stack                        
00000400  __STACK_END                   
000010c0  TLV_CHECKSUM                  
000010da  TLV_ADC10_1_TAG               
000010db  TLV_ADC10_1_LEN               
000010f6  TLV_DCO_30_TAG                
000010f7  TLV_DCO_30_LEN                
000010f8  CALDCO_16MHZ                  
000010f9  CALBC1_16MHZ                  
000010fa  CALDCO_12MHZ                  
000010fb  CALBC1_12MHZ                  
000010fc  CALDCO_8MHZ                   
000010fd  CALBC1_8MHZ                   
000010fe  CALDCO_1MHZ                   
000010ff  CALBC1_1MHZ                   
0000c000  __mspabi_addd                 
0000c736  __TI_frcdivd                  
0000cbae  __mspabi_mpyd                 
0000ce6e  __mspabi_divd                 
0000d0a0  __TI_frcmpyd                  
0000d212  __mspabi_mpyll                
0000d212  __mspabi_mpyll_sw             
0000d326  main                          
0000d422  __mspabi_cvtdf                
0000d4d6  __TI_decompress_lzss          
0000d552  __mspabi_fixdul               
0000d5c6  __mspabi_cvtfd                
0000d636  __mspabi_srll_15              
0000d63c  __mspabi_srll_14              
0000d642  __mspabi_srll_13              
0000d648  __mspabi_srll_12              
0000d64e  __mspabi_srll_11              
0000d654  __mspabi_srll_10              
0000d65a  __mspabi_srll_9               
0000d660  __mspabi_srll_8               
0000d666  __mspabi_srll_7               
0000d66c  __mspabi_srll_6               
0000d672  __mspabi_srll_5               
0000d678  __mspabi_srll_4               
0000d67e  __mspabi_srll_3               
0000d684  __mspabi_srll_2               
0000d68a  __mspabi_srll_1               
0000d692  __mspabi_divul                
0000d692  __mspabi_remul                
0000d6ea  InitADC                       
0000d736  __mspabi_srli                 
0000d744  __mspabi_srli_15              
0000d748  __mspabi_srli_14              
0000d74c  __mspabi_srli_13              
0000d750  __mspabi_srli_12              
0000d754  __mspabi_srli_11              
0000d758  __mspabi_srli_10              
0000d75c  __mspabi_srli_9               
0000d760  __mspabi_srli_8               
0000d764  __mspabi_srli_7               
0000d768  __mspabi_srli_6               
0000d76c  __mspabi_srli_5               
0000d770  __mspabi_srli_4               
0000d774  __mspabi_srli_3               
0000d778  __mspabi_srli_2               
0000d77c  __mspabi_srli_1               
0000d782  __mspabi_srall                
0000d7cc  __mspabi_srlll                
0000d812  __mspabi_sllll                
0000d856  Init_Devices                  
0000d898  __TI_auto_init_nobinit_nopinit
0000d8da  DAC8043                       
0000d91a  __mspabi_sral_15              
0000d91e  __mspabi_sral_14              
0000d922  __mspabi_sral_13              
0000d926  __mspabi_sral_12              
0000d92a  __mspabi_sral_11              
0000d92e  __mspabi_sral_10              
0000d932  __mspabi_sral_9               
0000d936  __mspabi_sral_8               
0000d93a  __mspabi_sral_7               
0000d93e  __mspabi_sral_6               
0000d942  __mspabi_sral_5               
0000d946  __mspabi_sral_4               
0000d94a  __mspabi_sral_3               
0000d94e  __mspabi_sral_2               
0000d952  __mspabi_sral_1               
0000d958  __mspabi_slll_15              
0000d95c  __mspabi_slll_14              
0000d960  __mspabi_slll_13              
0000d964  __mspabi_slll_12              
0000d968  __mspabi_slll_11              
0000d96c  __mspabi_slll_10              
0000d970  __mspabi_slll_9               
0000d974  __mspabi_slll_8               
0000d978  __mspabi_slll_7               
0000d97c  __mspabi_slll_6               
0000d980  __mspabi_slll_5               
0000d984  __mspabi_slll_4               
0000d988  __mspabi_slll_3               
0000d98c  __mspabi_slll_2               
0000d990  __mspabi_slll_1               
0000d996  Average                       
0000d9c2  __mspabi_srai                 
0000d9ce  __mspabi_srai_15              
0000d9d0  __mspabi_srai_14              
0000d9d2  __mspabi_srai_13              
0000d9d4  __mspabi_srai_12              
0000d9d6  __mspabi_srai_11              
0000d9d8  __mspabi_srai_10              
0000d9da  __mspabi_srai_9               
0000d9dc  __mspabi_srai_8               
0000d9de  __mspabi_srai_7               
0000d9e0  __mspabi_srai_6               
0000d9e2  __mspabi_srai_5               
0000d9e4  __mspabi_srai_4               
0000d9e6  __mspabi_srai_3               
0000d9e8  __mspabi_srai_2               
0000d9ea  __mspabi_srai_1               
0000d9ee  __mspabi_slli                 
0000d9fa  __mspabi_slli_15              
0000d9fc  __mspabi_slli_14              
0000d9fe  __mspabi_slli_13              
0000da00  __mspabi_slli_12              
0000da02  __mspabi_slli_11              
0000da04  __mspabi_slli_10              
0000da06  __mspabi_slli_9               
0000da08  __mspabi_slli_8               
0000da0a  __mspabi_slli_7               
0000da0c  __mspabi_slli_6               
0000da0e  __mspabi_slli_5               
0000da10  __mspabi_slli_4               
0000da12  __mspabi_slli_3               
0000da14  __mspabi_slli_2               
0000da16  __mspabi_slli_1               
0000da1a  __mspabi_mpyl                 
0000da1a  __mspabi_mpyl_sw              
0000da40  __mspabi_fltuf                
0000da64  __mspabi_mpyul                
0000da64  __mspabi_mpyul_sw             
0000da86  __mspabi_mpyull               
0000da86  __mspabi_mpyull_sw            
0000daa4  Port_Init                     
0000dac0  _c_int00_noargs               
0000dadc  Timer0_A0                     
0000daf4  Timer0_Init                   
0000db08  __TI_zero_init_nomemset       
0000db1c  __mspabi_mpyi                 
0000db1c  __mspabi_mpyi_sw              
0000db30  __mspabi_fixdu                
0000db42  __TI_decompress_none          
0000db54  __mspabi_srll                 
0000db66  memcpy                        
0000db78  __mspabi_func_epilog_7        
0000db7a  __mspabi_func_epilog_6        
0000db7c  __mspabi_func_epilog_5        
0000db7e  __mspabi_func_epilog_4        
0000db80  __mspabi_func_epilog_3        
0000db82  __mspabi_func_epilog_2        
0000db84  __mspabi_func_epilog_1        
0000db88  StartADCConvert               
0000db96  __TI_ISR_TRAP                 
0000db9e  C$$EXIT                       
0000db9e  abort                         
0000dba4  _system_pre_init              
0000dba8  _system_post_cinit            
0000dbb4  __TI_Handler_Table_Base       
0000dbba  __TI_Handler_Table_Limit      
0000dbbe  __TI_CINIT_Base               
0000dbc6  __TI_CINIT_Limit              
0000dbc6  __TI_CINIT_Warm               
0000ffe0  __TI_int00                    
0000ffe4  __TI_int02                    
0000ffe6  __TI_int03                    
0000ffea  __TI_int05                    
0000ffec  __TI_int06                    
0000ffee  __TI_int07                    
0000fff0  __TI_int08                    
0000fff2  __TI_int09                    
0000fff4  __TI_int10                    
0000fff6  __TI_int11                    
0000fff8  __TI_int12                    
0000fffa  __TI_int13                    
0000fffc  __TI_int14                    
0000fffe  _reset_vector                 
ffffffff  __TI_pprof_out_hndl           
ffffffff  __TI_prof_data_size           
ffffffff  __TI_prof_data_start          
ffffffff  __c_args__                    

[278 symbols]
